[LOG_CAT_ML] You must specify a valid HCA device by setting:
-x HCOLL_MAIN_IB=<dev_name:port> or -x UCX_NET_DEVICES=<dev_name:port>.
If no device was specified for HCOLL (or the calling library), automatic device detection will be run.
In case of unfounded HCA device please contact your system administrator.
[LOG_CAT_ML] You must specify a valid HCA device by setting:
-x HCOLL_MAIN_IB=<dev_name:port> or -x UCX_NET_DEVICES=<dev_name:port>.
If no device was specified for HCOLL (or the calling library), automatic device detection will be run.
In case of unfounded HCA device please contact your system administrator.
[LOG_CAT_ML] You must specify a valid HCA device by setting:
-x HCOLL_MAIN_IB=<dev_name:port> or -x UCX_NET_DEVICES=<dev_name:port>.
If no device was specified for HCOLL (or the calling library), automatic device detection will be run.
In case of unfounded HCA device please contact your system administrator.
[LOG_CAT_ML] You must specify a valid HCA device by setting:
-x HCOLL_MAIN_IB=<dev_name:port> or -x UCX_NET_DEVICES=<dev_name:port>.
If no device was specified for HCOLL (or the calling library), automatic device detection will be run.
In case of unfounded HCA device please contact your system administrator.
[SCRAMBLE:242314] Error: ../../../../../ompi/mca/coll/hcoll/coll_hcoll_module.c:310 - mca_coll_hcoll_comm_query() Hcol library init failed
[SCRAMBLE:242312] Error: ../../../../../ompi/mca/coll/hcoll/coll_hcoll_module.c:310 - mca_coll_hcoll_comm_query() Hcol library init failed
[SCRAMBLE:242311] Error: ../../../../../ompi/mca/coll/hcoll/coll_hcoll_module.c:310 - mca_coll_hcoll_comm_query() Hcol library init failed
[SCRAMBLE:242313] Error: ../../../../../ompi/mca/coll/hcoll/coll_hcoll_module.c:310 - mca_coll_hcoll_comm_query() Hcol library init failed
RHEA (v9.0.0): START SIMULATION
Time iteration 0: time = 0.00000e+00 [s], time-step = 6.00000e-06 [s], wall-clock time = 9.96221e-05 [h]
Time advancement completed -> iteration = 10, time = 6.00000e-05 [s]
RHEA (v9.0.0): END SIMULATION
